../Core/Src/main.c:81:5:main	8	static
../Core/Src/main.c:136:6:SystemClock_Config	88	static
../Core/Src/main.c:184:13:MX_TIM2_Init	64	static
../Core/Src/main.c:247:13:MX_USART2_UART_Init	8	static
../Core/Src/main.c:280:13:MX_GPIO_Init	48	static
../Core/Src/main.c:315:6:Set_Ailerons_From_Roll	24	static
../Core/Src/main.c:326:10:clamp_pwm	16	static
../Core/Src/main.c:333:6:Parse_Controller_Message	40	static
../Core/Src/main.c:348:6:Process_Controller_UART	8	static
../Core/Src/main.c:380:6:Error_Handler	4	static,ignoring_inline_asm
